// Code generated by protoc-gen-go. DO NOT EDIT.
// deprecated/deprecated.proto is a deprecated file.

/*
Package deprecated is a generated protocol buffer package.

package deprecated contains only deprecated messages and services.

It is generated from these files:
	deprecated/deprecated.proto

It has these top-level messages:
	DeprecatedRequest
	DeprecatedResponse
*/
package deprecated

import proto "github.com/golang/protobuf/proto"
import fmt "fmt"
import math "math"

import (
	context "golang.org/x/net/context"
	grpc "google.golang.org/grpc"
)

// Reference imports to suppress errors if they are not otherwise used.
var _ = proto.Marshal
var _ = fmt.Errorf
var _ = math.Inf

// This is a compile-time assertion to ensure that this generated file
// is compatible with the proto package it is being compiled against.
// A compilation error at this line likely means your copy of the
// proto package needs to be updated.
const _ = proto.ProtoPackageIsVersion2 // please upgrade the proto package

// DeprecatedEnum contains deprecated values.
type DeprecatedEnum int32 // Deprecated: Do not use.
const (
	// DEPRECATED is the iota value of this enum.
	DeprecatedEnum_DEPRECATED DeprecatedEnum = 0 // Deprecated: Do not use.
)

var DeprecatedEnum_name = map[int32]string{
	0: "DEPRECATED",
}
var DeprecatedEnum_value = map[string]int32{
	"DEPRECATED": 0,
}

func (x DeprecatedEnum) String() string {
	return proto.EnumName(DeprecatedEnum_name, int32(x))
}

// DeprecatedRequest is a request to DeprecatedCall.
//
// Deprecated: Do not use.
type DeprecatedRequest struct {
	XXX_NoUnkeyedLiteral struct{} `json:"-"`
	XXX_unrecognized     []byte   `json:"-"`
	XXX_sizecache        int32    `json:"-"`
}

func (m *DeprecatedRequest) Reset()         { *m = DeprecatedRequest{} }
func (m *DeprecatedRequest) String() string { return proto.CompactTextString(m) }
func (*DeprecatedRequest) ProtoMessage()    {}
func (m *DeprecatedRequest) Unmarshal(b []byte) error {
	return xxx_messageInfo_DeprecatedRequest.Unmarshal(m, b)
}
func (m *DeprecatedRequest) Marshal(b []byte, deterministic bool) ([]byte, error) {
	return xxx_messageInfo_DeprecatedRequest.Marshal(b, m, deterministic)
}
func (dst *DeprecatedRequest) XXX_Merge(src proto.Message) {
	xxx_messageInfo_DeprecatedRequest.Merge(dst, src)
}
func (m *DeprecatedRequest) XXX_Size() int {
	return xxx_messageInfo_DeprecatedRequest.Size(m)
}
func (m *DeprecatedRequest) XXX_DiscardUnknown() {
	xxx_messageInfo_DeprecatedRequest.DiscardUnknown(m)
}

var xxx_messageInfo_DeprecatedRequest proto.InternalMessageInfo

// Deprecated: Do not use.
type DeprecatedResponse struct {
	// DeprecatedField contains a DeprecatedEnum.
	DeprecatedField      DeprecatedEnum `protobuf:"varint,1,opt,name=deprecated_field,json=deprecatedField,enum=deprecated.DeprecatedEnum" json:"deprecated_field,omitempty"` // Deprecated: Do not use.
	XXX_NoUnkeyedLiteral struct{}       `json:"-"`
	XXX_unrecognized     []byte         `json:"-"`
	XXX_sizecache        int32          `json:"-"`
}

func (m *DeprecatedResponse) Reset()         { *m = DeprecatedResponse{} }
func (m *DeprecatedResponse) String() string { return proto.CompactTextString(m) }
func (*DeprecatedResponse) ProtoMessage()    {}
func (m *DeprecatedResponse) Unmarshal(b []byte) error {
	return xxx_messageInfo_DeprecatedResponse.Unmarshal(m, b)
}
func (m *DeprecatedResponse) Marshal(b []byte, deterministic bool) ([]byte, error) {
	return xxx_messageInfo_DeprecatedResponse.Marshal(b, m, deterministic)
}
func (dst *DeprecatedResponse) XXX_Merge(src proto.Message) {
	xxx_messageInfo_DeprecatedResponse.Merge(dst, src)
}
func (m *DeprecatedResponse) XXX_Size() int {
	return xxx_messageInfo_DeprecatedResponse.Size(m)
}
func (m *DeprecatedResponse) XXX_DiscardUnknown() {
	xxx_messageInfo_DeprecatedResponse.DiscardUnknown(m)
}

var xxx_messageInfo_DeprecatedResponse proto.InternalMessageInfo

// Deprecated: Do not use.
func (m *DeprecatedResponse) GetDeprecatedField() DeprecatedEnum {
	if m != nil {
		return m.DeprecatedField
	}
	return DeprecatedEnum_DEPRECATED
}

func init() {
	proto.RegisterType((*DeprecatedRequest)(nil), "deprecated.DeprecatedRequest")
	proto.RegisterType((*DeprecatedResponse)(nil), "deprecated.DeprecatedResponse")
	proto.RegisterEnum("deprecated.DeprecatedEnum", DeprecatedEnum_name, DeprecatedEnum_value)
}

// Reference imports to suppress errors if they are not otherwise used.
var _ context.Context
var _ grpc.ClientConn

// This is a compile-time assertion to ensure that this generated file
// is compatible with the grpc package it is being compiled against.
const _ = grpc.SupportPackageIsVersion4

// Client API for DeprecatedService service

// Deprecated: Do not use.
type DeprecatedServiceClient interface {
	// DeprecatedCall takes a DeprecatedRequest and returns a DeprecatedResponse.
	DeprecatedCall(ctx context.Context, in *DeprecatedRequest, opts ...grpc.CallOption) (*DeprecatedResponse, error)
}

type deprecatedServiceClient struct {
	cc *grpc.ClientConn
}

// Deprecated: Do not use.
func NewDeprecatedServiceClient(cc *grpc.ClientConn) DeprecatedServiceClient {
	return &deprecatedServiceClient{cc}
}

// Deprecated: Do not use.
func (c *deprecatedServiceClient) DeprecatedCall(ctx context.Context, in *DeprecatedRequest, opts ...grpc.CallOption) (*DeprecatedResponse, error) {
	out := new(DeprecatedResponse)
	err := grpc.Invoke(ctx, "/deprecated.DeprecatedService/DeprecatedCall", in, out, c.cc, opts...)
	if err != nil {
		return nil, err
	}
	return out, nil
}

// Server API for DeprecatedService service

// Deprecated: Do not use.
type DeprecatedServiceServer interface {
	// DeprecatedCall takes a DeprecatedRequest and returns a DeprecatedResponse.
	DeprecatedCall(context.Context, *DeprecatedRequest) (*DeprecatedResponse, error)
}

// Deprecated: Do not use.
func RegisterDeprecatedServiceServer(s *grpc.Server, srv DeprecatedServiceServer) {
	s.RegisterService(&_DeprecatedService_serviceDesc, srv)
}

func _DeprecatedService_DeprecatedCall_Handler(srv interface{}, ctx context.Context, dec func(interface{}) error, interceptor grpc.UnaryServerInterceptor) (interface{}, error) {
	in := new(DeprecatedRequest)
	if err := dec(in); err != nil {
		return nil, err
	}
	if interceptor == nil {
		return srv.(DeprecatedServiceServer).DeprecatedCall(ctx, in)
	}
	info := &grpc.UnaryServerInfo{
		Server:     srv,
		FullMethod: "/deprecated.DeprecatedService/DeprecatedCall",
	}
	handler := func(ctx context.Context, req interface{}) (interface{}, error) {
		return srv.(DeprecatedServiceServer).DeprecatedCall(ctx, req.(*DeprecatedRequest))
	}
	return interceptor(ctx, in, info, handler)
}

var _DeprecatedService_serviceDesc = grpc.ServiceDesc{
	ServiceName: "deprecated.DeprecatedService",
	HandlerType: (*DeprecatedServiceServer)(nil),
	Methods: []grpc.MethodDesc{
		{
			MethodName: "DeprecatedCall",
			Handler:    _DeprecatedService_DeprecatedCall_Handler,
		},
	},
	Streams:  []grpc.StreamDesc{},
	Metadata: "deprecated/deprecated.proto",
}
